// Jest Snapshot v1, https://goo.gl/fbAQLP

exports[`should render Home component correctly 1`] = `ShallowWrapper {}`;
