// Jest Snapshot v1, https://goo.gl/fbAQLP

exports[`should render user details  div 1`] = `ShallowWrapper {}`;
