// Jest Snapshot v1, https://goo.gl/fbAQLP

exports[`should render div with user info correctly 1`] = `ShallowWrapper {}`;
