// Jest Snapshot v1, https://goo.gl/fbAQLP

exports[`should render component correctly 1`] = `ShallowWrapper {}`;

exports[`should render list of two mock favorite users 1`] = `ShallowWrapper {}`;
